error[E0277]: the trait bound `Unknown: Poolable` is not satisfied
  --> $DIR/database-types.rs:6:10
   |
6  | struct A(Unknown);
   |          ^^^^^^^ the trait `Poolable` is not implemented for `Unknown`
   |
note: required by a bound in `rocket_sync_db_pools::Connection`
  --> $DIR/connection.rs:44:29
   |
44 | pub struct Connection<K, C: Poolable> {
   |                             ^^^^^^^^ required by this bound in `rocket_sync_db_pools::Connection`

error[E0277]: the trait bound `Vec<i32>: Poolable` is not satisfied
  --> $DIR/database-types.rs:9:10
   |
9  | struct B(Vec<i32>);
   |          ^^^^^^^^ the trait `Poolable` is not implemented for `Vec<i32>`
   |
note: required by a bound in `rocket_sync_db_pools::Connection`
  --> $DIR/connection.rs:44:29
   |
44 | pub struct Connection<K, C: Poolable> {
   |                             ^^^^^^^^ required by this bound in `rocket_sync_db_pools::Connection`
